CCS PCM C Compiler, Version 5.115d, 1               29-ago.-23 14:07
Compiler operating in Evaluation Mode
To obtain a fully enabled compiler visit www.ccsinfo.com/products

               Filename:   C:\Users\victo\OneDrive\Documentos\X-TRAINER-hands-on\CCS\PIC16F\3-Bit-shift-CCS-PIC16F887-877A\Proyecto\PIC16F877A\Corrimiento de bits.lst

               ROM used:   65 words (1%)
                           Largest free fragment is 2048
               RAM used:   8 (2%) at main() level
                           9 (2%) worst case
               Stack used: 0 locations
               Stack size: 8

*
0000:  MOVLW  00
0001:  MOVWF  0A
0002:  GOTO   01A
0003:  NOP
.................... /************************************************************************************************
.................... Company:
.................... Microside Technology Inc.
.................... File Name:
.................... Corrimiento de bits.c
.................... Product Revision  :  1
.................... Device            :  X-TRAINER
.................... Driver Version    :  1.0
.................... ************************************************************************************************/
.................... 
.................... /*
.................... ---------------------------------------------------------------------------
.................... Implementar corrimiento de 8 bits y desplegar el resultado en 8 LEDs
.................... ---------------------------------------------------------------------------
.................... */
.................... 
.................... #include <16F877A.h>                   //Incluye el microcontrolador con el que se va a trabajar 
.................... //////////// Standard Header file for the PIC16F877A device ////////////////
.................... ///////////////////////////////////////////////////////////////////////////
.................... ////        (C) Copyright 1996, 2020 Custom Computer Services          ////
.................... //// This source code may only be used by licensed users of the CCS C  ////
.................... //// compiler.  This source code may only be distributed to other      ////
.................... //// licensed users of the CCS C compiler.  No other use, reproduction ////
.................... //// or distribution is permitted without written permission.          ////
.................... //// Derivative programs created using this software in object code    ////
.................... //// form are not restricted in any way.                               ////
.................... ///////////////////////////////////////////////////////////////////////////
.................... #device PIC16F877A
.................... 
.................... #list
.................... 
.................... #use delay ( clock=20Mhz, crystal )    //Tipo de oscilador y frecuencia dependiendo del microcontrolador 
0004:  MOVLW  23
0005:  MOVWF  04
0006:  BCF    03.7
0007:  MOVF   00,W
0008:  BTFSC  03.2
0009:  GOTO   017
000A:  MOVLW  06
000B:  MOVWF  78
000C:  CLRF   77
000D:  DECFSZ 77,F
000E:  GOTO   00D
000F:  DECFSZ 78,F
0010:  GOTO   00C
0011:  MOVLW  7B
0012:  MOVWF  77
0013:  DECFSZ 77,F
0014:  GOTO   013
0015:  DECFSZ 00,F
0016:  GOTO   00A
0017:  BCF    0A.3
0018:  BCF    0A.4
0019:  GOTO   03D (RETURN)
.................... 
.................... byte LEDS;                             //Variable de 8 bits(1 byte)
.................... 
.................... int i;
.................... 
.................... void main (void) {
001A:  MOVF   03,W
001B:  ANDLW  1F
001C:  MOVWF  03
001D:  BSF    03.5
001E:  BSF    1F.0
001F:  BSF    1F.1
0020:  BSF    1F.2
0021:  BCF    1F.3
0022:  MOVLW  07
0023:  MOVWF  1C
0024:  BCF    03.7
....................    set_tris_b (0x00);                  //Configura puerto B como salidas
0025:  MOVLW  00
0026:  MOVWF  06
....................    LEDS = 0x0D;                        //Se inicia cargando los bits deseados
0027:  MOVLW  0D
0028:  BCF    03.5
0029:  MOVWF  20
.................... 
....................    while ( 1 ) {
....................       LEDS = ((LEDS <<1)|(LEDS>>7));   //Inicia corrimiento
002A:  BCF    03.0
002B:  RLF    20,W
002C:  MOVWF  22
002D:  CLRF   77
002E:  BTFSC  20.7
002F:  BSF    77.0
0030:  MOVF   77,W
0031:  IORWF  22,W
0032:  MOVWF  20
....................       output_b (LEDS);                 //Pasa el valor al puerto B
0033:  BSF    03.5
0034:  CLRF   06
0035:  BCF    03.5
0036:  MOVF   20,W
0037:  MOVWF  06
....................       delay_ms (500);
0038:  MOVLW  02
0039:  MOVWF  22
003A:  MOVLW  FA
003B:  MOVWF  23
003C:  GOTO   004
003D:  DECFSZ 22,F
003E:  GOTO   03A
003F:  GOTO   02A
....................    } 
.................... }
0040:  SLEEP

Configuration Fuses:
   Word  1: 3F72   HS NOWDT PUT BROWNOUT NOLVP NOCPD NOWRT NODEBUG NOPROTECT
